[      23ms] [ERROR] Refused to apply style from 'http://localhost:7511/static/css/pack.css' because its MIME type ('text/plain') is not a supported stylesheet MIME type, and strict MIME checking is enabled. @ http://localhost:7511/slate:0
[      24ms] [ERROR] Refused to apply style from 'http://localhost:7511/static/css/pack.css' because its MIME type ('text/plain') is not a supported stylesheet MIME type, and strict MIME checking is enabled. @ http://localhost:7511/slate:0
[   17370ms] [ERROR] Refused to apply style from 'http://localhost:7511/static/css/pack.css?v=1789878951409' because its MIME type ('text/plain') is not a supported stylesheet MIME type, and strict MIME checking is enabled. @ http://localhost:7511/slate:0
[   49370ms] [ERROR] Refused to apply style from 'http://localhost:7511/static/css/pack.css?v=1789878983410' because its MIME type ('text/plain') is not a supported stylesheet MIME type, and strict MIME checking is enabled. @ http://localhost:7511/slate:0
[   86886ms] [ERROR] Refused to apply style from 'http://localhost:7511/static/css/pack.css?v=1789879020925' because its MIME type ('text/plain') is not a supported stylesheet MIME type, and strict MIME checking is enabled. @ http://localhost:7511/slate:0
[  114116ms] [ERROR] Refused to apply style from 'http://localhost:7511/static/css/pack.css?v=1789879048155' because its MIME type ('text/plain') is not a supported stylesheet MIME type, and strict MIME checking is enabled. @ http://localhost:7511/slate:0
[  138964ms] [ERROR] Refused to apply style from 'http://localhost:7511/static/css/pack.css' because its MIME type ('text/plain') is not a supported stylesheet MIME type, and strict MIME checking is enabled. @ http://localhost:7511/:0
[  138965ms] [ERROR] Refused to apply style from 'http://localhost:7511/static/css/pack.css' because its MIME type ('text/plain') is not a supported stylesheet MIME type, and strict MIME checking is enabled. @ http://localhost:7511/:0
[  143334ms] [ERROR] Refused to apply style from 'http://localhost:7511/static/css/pack.css?v=1789879077373' because its MIME type ('text/plain') is not a supported stylesheet MIME type, and strict MIME checking is enabled. @ http://localhost:7511/:0
[  210908ms] [ERROR] Refused to apply style from 'http://localhost:7511/static/css/pack.css' because its MIME type ('text/plain') is not a supported stylesheet MIME type, and strict MIME checking is enabled. @ http://localhost:7511/:0
[  365350ms] [ERROR] Refused to apply style from 'http://localhost:7511/static/css/pack.css' because its MIME type ('text/plain') is not a supported stylesheet MIME type, and strict MIME checking is enabled. @ http://localhost:7511/:0
[  365352ms] [ERROR] Refused to apply style from 'http://localhost:7511/static/css/pack.css' because its MIME type ('text/plain') is not a supported stylesheet MIME type, and strict MIME checking is enabled. @ http://localhost:7511/:0
[  381938ms] [ERROR] Refused to apply style from 'http://localhost:7511/static/css/pack.css' because its MIME type ('text/plain') is not a supported stylesheet MIME type, and strict MIME checking is enabled. @ http://localhost:7511/:0
[  381940ms] [ERROR] Refused to apply style from 'http://localhost:7511/static/css/pack.css' because its MIME type ('text/plain') is not a supported stylesheet MIME type, and strict MIME checking is enabled. @ http://localhost:7511/:0
[  411674ms] [ERROR] Refused to apply style from 'http://localhost:7511/static/css/pack.css' because its MIME type ('text/plain') is not a supported stylesheet MIME type, and strict MIME checking is enabled. @ http://localhost:7511/:0
[  411675ms] [ERROR] Refused to apply style from 'http://localhost:7511/static/css/pack.css' because its MIME type ('text/plain') is not a supported stylesheet MIME type, and strict MIME checking is enabled. @ http://localhost:7511/:0
[  433391ms] [ERROR] Refused to apply style from 'http://localhost:7511/static/css/pack.css' because its MIME type ('text/plain') is not a supported stylesheet MIME type, and strict MIME checking is enabled. @ http://localhost:7511/:0
[  433392ms] [ERROR] Refused to apply style from 'http://localhost:7511/static/css/pack.css' because its MIME type ('text/plain') is not a supported stylesheet MIME type, and strict MIME checking is enabled. @ http://localhost:7511/:0
[  515076ms] [ERROR] Refused to apply style from 'http://localhost:7511/static/css/pack.css' because its MIME type ('text/plain') is not a supported stylesheet MIME type, and strict MIME checking is enabled. @ http://localhost:7511/:0
[  542806ms] [ERROR] Refused to apply style from 'http://localhost:7511/static/css/pack.css' because its MIME type ('text/plain') is not a supported stylesheet MIME type, and strict MIME checking is enabled. @ http://localhost:7511/:0
[  562603ms] [ERROR] Refused to apply style from 'http://localhost:7511/static/css/pack.css' because its MIME type ('text/plain') is not a supported stylesheet MIME type, and strict MIME checking is enabled. @ http://localhost:7511/:0
[  571774ms] [ERROR] Refused to apply style from 'http://localhost:7511/static/css/pack.css' because its MIME type ('text/plain') is not a supported stylesheet MIME type, and strict MIME checking is enabled. @ http://localhost:7511/:0
