[   19556ms] [ERROR] Refused to apply style from 'http://localhost:8240/static/css/pack.css' because its MIME type ('text/plain') is not a supported stylesheet MIME type, and strict MIME checking is enabled. @ http://localhost:8240/gallery/slate/empty?theme=none:0
[   19558ms] [ERROR] Refused to apply style from 'http://localhost:8240/static/css/pack.css' because its MIME type ('text/plain') is not a supported stylesheet MIME type, and strict MIME checking is enabled. @ http://localhost:8240/gallery/slate/empty?theme=none:0
[   19570ms] [ERROR] Refused to apply style from 'http://localhost:8240/static/css/pack.css' because its MIME type ('text/plain') is not a supported stylesheet MIME type, and strict MIME checking is enabled. @ http://localhost:8240/gallery/slate?theme=none:0
[   19572ms] [ERROR] Refused to apply style from 'http://localhost:8240/static/css/pack.css' because its MIME type ('text/plain') is not a supported stylesheet MIME type, and strict MIME checking is enabled. @ http://localhost:8240/gallery/slate?theme=none:0
[   19584ms] [ERROR] Refused to apply style from 'http://localhost:8240/static/css/pack.css' because its MIME type ('text/plain') is not a supported stylesheet MIME type, and strict MIME checking is enabled. @ http://localhost:8240/gallery/slate/signed-out?theme=none:0
[   19585ms] [ERROR] Refused to apply style from 'http://localhost:8240/static/css/pack.css' because its MIME type ('text/plain') is not a supported stylesheet MIME type, and strict MIME checking is enabled. @ http://localhost:8240/gallery/slate/signed-out?theme=none:0
[   19598ms] [ERROR] Refused to apply style from 'http://localhost:8240/static/css/pack.css' because its MIME type ('text/plain') is not a supported stylesheet MIME type, and strict MIME checking is enabled. @ http://localhost:8240/gallery/slate/at-limit?theme=none:0
[   19599ms] [ERROR] Refused to apply style from 'http://localhost:8240/static/css/pack.css' because its MIME type ('text/plain') is not a supported stylesheet MIME type, and strict MIME checking is enabled. @ http://localhost:8240/gallery/slate/at-limit?theme=none:0
[   19612ms] [ERROR] Refused to apply style from 'http://localhost:8240/static/css/pack.css' because its MIME type ('text/plain') is not a supported stylesheet MIME type, and strict MIME checking is enabled. @ http://localhost:8240/gallery/slate/barred?theme=none:0
[   19613ms] [ERROR] Refused to apply style from 'http://localhost:8240/static/css/pack.css' because its MIME type ('text/plain') is not a supported stylesheet MIME type, and strict MIME checking is enabled. @ http://localhost:8240/gallery/slate/barred?theme=none:0
[   19626ms] [ERROR] Refused to apply style from 'http://localhost:8240/static/css/pack.css' because its MIME type ('text/plain') is not a supported stylesheet MIME type, and strict MIME checking is enabled. @ http://localhost:8240/gallery/slate/locked?theme=none:0
[   19627ms] [ERROR] Refused to apply style from 'http://localhost:8240/static/css/pack.css' because its MIME type ('text/plain') is not a supported stylesheet MIME type, and strict MIME checking is enabled. @ http://localhost:8240/gallery/slate/locked?theme=none:0
[   19641ms] [ERROR] Refused to apply style from 'http://localhost:8240/static/css/pack.css' because its MIME type ('text/plain') is not a supported stylesheet MIME type, and strict MIME checking is enabled. @ http://localhost:8240/gallery/slate/tied?theme=none:0
[   19642ms] [ERROR] Refused to apply style from 'http://localhost:8240/static/css/pack.css' because its MIME type ('text/plain') is not a supported stylesheet MIME type, and strict MIME checking is enabled. @ http://localhost:8240/gallery/slate/tied?theme=none:0
[   19654ms] [ERROR] Refused to apply style from 'http://localhost:8240/static/css/pack.css' because its MIME type ('text/plain') is not a supported stylesheet MIME type, and strict MIME checking is enabled. @ http://localhost:8240/gallery/slate/admin?theme=none:0
[   19656ms] [ERROR] Refused to apply style from 'http://localhost:8240/static/css/pack.css' because its MIME type ('text/plain') is not a supported stylesheet MIME type, and strict MIME checking is enabled. @ http://localhost:8240/gallery/slate/admin?theme=none:0
[   19669ms] [ERROR] Refused to apply style from 'http://localhost:8240/static/css/pack.css' because its MIME type ('text/plain') is not a supported stylesheet MIME type, and strict MIME checking is enabled. @ http://localhost:8240/gallery/submit?theme=none:0
[   19669ms] [ERROR] Refused to apply style from 'http://localhost:8240/static/css/pack.css' because its MIME type ('text/plain') is not a supported stylesheet MIME type, and strict MIME checking is enabled. @ http://localhost:8240/gallery/submit?theme=none:0
[   19682ms] [ERROR] Refused to apply style from 'http://localhost:8240/static/css/pack.css' because its MIME type ('text/plain') is not a supported stylesheet MIME type, and strict MIME checking is enabled. @ http://localhost:8240/gallery/submit/errors?theme=none:0
[   19683ms] [ERROR] Refused to apply style from 'http://localhost:8240/static/css/pack.css' because its MIME type ('text/plain') is not a supported stylesheet MIME type, and strict MIME checking is enabled. @ http://localhost:8240/gallery/submit/errors?theme=none:0
[   19692ms] [ERROR] Refused to apply style from 'http://localhost:8240/static/css/pack.css' because its MIME type ('text/plain') is not a supported stylesheet MIME type, and strict MIME checking is enabled. @ http://localhost:8240/gallery/submit/at-limit?theme=none:0
[   19693ms] [ERROR] Refused to apply style from 'http://localhost:8240/static/css/pack.css' because its MIME type ('text/plain') is not a supported stylesheet MIME type, and strict MIME checking is enabled. @ http://localhost:8240/gallery/submit/at-limit?theme=none:0
[   19704ms] [ERROR] Refused to apply style from 'http://localhost:8240/static/css/pack.css' because its MIME type ('text/plain') is not a supported stylesheet MIME type, and strict MIME checking is enabled. @ http://localhost:8240/gallery/submit/barred?theme=none:0
[   19704ms] [ERROR] Refused to apply style from 'http://localhost:8240/static/css/pack.css' because its MIME type ('text/plain') is not a supported stylesheet MIME type, and strict MIME checking is enabled. @ http://localhost:8240/gallery/submit/barred?theme=none:0
[   19712ms] [ERROR] Refused to apply style from 'http://localhost:8240/static/css/pack.css' because its MIME type ('text/plain') is not a supported stylesheet MIME type, and strict MIME checking is enabled. @ http://localhost:8240/gallery/submit/closed?theme=none:0
[   19713ms] [ERROR] Refused to apply style from 'http://localhost:8240/static/css/pack.css' because its MIME type ('text/plain') is not a supported stylesheet MIME type, and strict MIME checking is enabled. @ http://localhost:8240/gallery/submit/closed?theme=none:0
[   19722ms] [ERROR] Refused to apply style from 'http://localhost:8240/static/css/pack.css' because its MIME type ('text/plain') is not a supported stylesheet MIME type, and strict MIME checking is enabled. @ http://localhost:8240/gallery/error/404?theme=none:0
[   19722ms] [ERROR] Refused to apply style from 'http://localhost:8240/static/css/pack.css' because its MIME type ('text/plain') is not a supported stylesheet MIME type, and strict MIME checking is enabled. @ http://localhost:8240/gallery/error/404?theme=none:0
[   19732ms] [ERROR] Refused to apply style from 'http://localhost:8240/static/css/pack.css' because its MIME type ('text/plain') is not a supported stylesheet MIME type, and strict MIME checking is enabled. @ http://localhost:8240/gallery/error/405?theme=none:0
[   19732ms] [ERROR] Refused to apply style from 'http://localhost:8240/static/css/pack.css' because its MIME type ('text/plain') is not a supported stylesheet MIME type, and strict MIME checking is enabled. @ http://localhost:8240/gallery/error/405?theme=none:0
[   19740ms] [ERROR] Refused to apply style from 'http://localhost:8240/static/css/pack.css' because its MIME type ('text/plain') is not a supported stylesheet MIME type, and strict MIME checking is enabled. @ http://localhost:8240/gallery/error/500?theme=none:0
[   19741ms] [ERROR] Refused to apply style from 'http://localhost:8240/static/css/pack.css' because its MIME type ('text/plain') is not a supported stylesheet MIME type, and strict MIME checking is enabled. @ http://localhost:8240/gallery/error/500?theme=none:0
[   19750ms] [ERROR] Refused to apply style from 'http://localhost:8240/static/css/pack.css' because its MIME type ('text/plain') is not a supported stylesheet MIME type, and strict MIME checking is enabled. @ http://localhost:8240/?theme=none:0
[   19750ms] [ERROR] Refused to apply style from 'http://localhost:8240/static/css/pack.css' because its MIME type ('text/plain') is not a supported stylesheet MIME type, and strict MIME checking is enabled. @ http://localhost:8240/?theme=none:0
[   20145ms] [ERROR] Refused to apply style from 'http://localhost:8240/static/css/pack.css' because its MIME type ('text/plain') is not a supported stylesheet MIME type, and strict MIME checking is enabled. @ http://localhost:8240/gallery/slate/empty?theme=none:0
[   20146ms] [ERROR] Refused to apply style from 'http://localhost:8240/static/css/pack.css' because its MIME type ('text/plain') is not a supported stylesheet MIME type, and strict MIME checking is enabled. @ http://localhost:8240/gallery/slate/empty?theme=none:0
[   20154ms] [ERROR] Refused to apply style from 'http://localhost:8240/static/css/pack.css' because its MIME type ('text/plain') is not a supported stylesheet MIME type, and strict MIME checking is enabled. @ http://localhost:8240/gallery/slate?theme=none:0
[   20156ms] [ERROR] Refused to apply style from 'http://localhost:8240/static/css/pack.css' because its MIME type ('text/plain') is not a supported stylesheet MIME type, and strict MIME checking is enabled. @ http://localhost:8240/gallery/slate?theme=none:0
[   20167ms] [ERROR] Refused to apply style from 'http://localhost:8240/static/css/pack.css' because its MIME type ('text/plain') is not a supported stylesheet MIME type, and strict MIME checking is enabled. @ http://localhost:8240/gallery/slate/signed-out?theme=none:0
[   20168ms] [ERROR] Refused to apply style from 'http://localhost:8240/static/css/pack.css' because its MIME type ('text/plain') is not a supported stylesheet MIME type, and strict MIME checking is enabled. @ http://localhost:8240/gallery/slate/signed-out?theme=none:0
[   20180ms] [ERROR] Refused to apply style from 'http://localhost:8240/static/css/pack.css' because its MIME type ('text/plain') is not a supported stylesheet MIME type, and strict MIME checking is enabled. @ http://localhost:8240/gallery/slate/at-limit?theme=none:0
[   20181ms] [ERROR] Refused to apply style from 'http://localhost:8240/static/css/pack.css' because its MIME type ('text/plain') is not a supported stylesheet MIME type, and strict MIME checking is enabled. @ http://localhost:8240/gallery/slate/at-limit?theme=none:0
[   20194ms] [ERROR] Refused to apply style from 'http://localhost:8240/static/css/pack.css' because its MIME type ('text/plain') is not a supported stylesheet MIME type, and strict MIME checking is enabled. @ http://localhost:8240/gallery/slate/barred?theme=none:0
[   20196ms] [ERROR] Refused to apply style from 'http://localhost:8240/static/css/pack.css' because its MIME type ('text/plain') is not a supported stylesheet MIME type, and strict MIME checking is enabled. @ http://localhost:8240/gallery/slate/barred?theme=none:0
[   20209ms] [ERROR] Refused to apply style from 'http://localhost:8240/static/css/pack.css' because its MIME type ('text/plain') is not a supported stylesheet MIME type, and strict MIME checking is enabled. @ http://localhost:8240/gallery/slate/locked?theme=none:0
[   20211ms] [ERROR] Refused to apply style from 'http://localhost:8240/static/css/pack.css' because its MIME type ('text/plain') is not a supported stylesheet MIME type, and strict MIME checking is enabled. @ http://localhost:8240/gallery/slate/locked?theme=none:0
[   20225ms] [ERROR] Refused to apply style from 'http://localhost:8240/static/css/pack.css' because its MIME type ('text/plain') is not a supported stylesheet MIME type, and strict MIME checking is enabled. @ http://localhost:8240/gallery/slate/tied?theme=none:0
[   20227ms] [ERROR] Refused to apply style from 'http://localhost:8240/static/css/pack.css' because its MIME type ('text/plain') is not a supported stylesheet MIME type, and strict MIME checking is enabled. @ http://localhost:8240/gallery/slate/tied?theme=none:0
[   20239ms] [ERROR] Refused to apply style from 'http://localhost:8240/static/css/pack.css' because its MIME type ('text/plain') is not a supported stylesheet MIME type, and strict MIME checking is enabled. @ http://localhost:8240/gallery/slate/admin?theme=none:0
[   20241ms] [ERROR] Refused to apply style from 'http://localhost:8240/static/css/pack.css' because its MIME type ('text/plain') is not a supported stylesheet MIME type, and strict MIME checking is enabled. @ http://localhost:8240/gallery/slate/admin?theme=none:0
[   20255ms] [ERROR] Refused to apply style from 'http://localhost:8240/static/css/pack.css' because its MIME type ('text/plain') is not a supported stylesheet MIME type, and strict MIME checking is enabled. @ http://localhost:8240/gallery/submit?theme=none:0
[   20256ms] [ERROR] Refused to apply style from 'http://localhost:8240/static/css/pack.css' because its MIME type ('text/plain') is not a supported stylesheet MIME type, and strict MIME checking is enabled. @ http://localhost:8240/gallery/submit?theme=none:0
[   20268ms] [ERROR] Refused to apply style from 'http://localhost:8240/static/css/pack.css' because its MIME type ('text/plain') is not a supported stylesheet MIME type, and strict MIME checking is enabled. @ http://localhost:8240/gallery/submit/errors?theme=none:0
[   20268ms] [ERROR] Refused to apply style from 'http://localhost:8240/static/css/pack.css' because its MIME type ('text/plain') is not a supported stylesheet MIME type, and strict MIME checking is enabled. @ http://localhost:8240/gallery/submit/errors?theme=none:0
[   20278ms] [ERROR] Refused to apply style from 'http://localhost:8240/static/css/pack.css' because its MIME type ('text/plain') is not a supported stylesheet MIME type, and strict MIME checking is enabled. @ http://localhost:8240/gallery/submit/at-limit?theme=none:0
[   20279ms] [ERROR] Refused to apply style from 'http://localhost:8240/static/css/pack.css' because its MIME type ('text/plain') is not a supported stylesheet MIME type, and strict MIME checking is enabled. @ http://localhost:8240/gallery/submit/at-limit?theme=none:0
[   20289ms] [ERROR] Refused to apply style from 'http://localhost:8240/static/css/pack.css' because its MIME type ('text/plain') is not a supported stylesheet MIME type, and strict MIME checking is enabled. @ http://localhost:8240/gallery/submit/barred?theme=none:0
[   20290ms] [ERROR] Refused to apply style from 'http://localhost:8240/static/css/pack.css' because its MIME type ('text/plain') is not a supported stylesheet MIME type, and strict MIME checking is enabled. @ http://localhost:8240/gallery/submit/barred?theme=none:0
[   20298ms] [ERROR] Refused to apply style from 'http://localhost:8240/static/css/pack.css' because its MIME type ('text/plain') is not a supported stylesheet MIME type, and strict MIME checking is enabled. @ http://localhost:8240/gallery/submit/closed?theme=none:0
[   20299ms] [ERROR] Refused to apply style from 'http://localhost:8240/static/css/pack.css' because its MIME type ('text/plain') is not a supported stylesheet MIME type, and strict MIME checking is enabled. @ http://localhost:8240/gallery/submit/closed?theme=none:0
[   20309ms] [ERROR] Refused to apply style from 'http://localhost:8240/static/css/pack.css' because its MIME type ('text/plain') is not a supported stylesheet MIME type, and strict MIME checking is enabled. @ http://localhost:8240/gallery/error/404?theme=none:0
[   20310ms] [ERROR] Refused to apply style from 'http://localhost:8240/static/css/pack.css' because its MIME type ('text/plain') is not a supported stylesheet MIME type, and strict MIME checking is enabled. @ http://localhost:8240/gallery/error/404?theme=none:0
[   20323ms] [ERROR] Refused to apply style from 'http://localhost:8240/static/css/pack.css' because its MIME type ('text/plain') is not a supported stylesheet MIME type, and strict MIME checking is enabled. @ http://localhost:8240/gallery/error/405?theme=none:0
[   20332ms] [ERROR] Refused to apply style from 'http://localhost:8240/static/css/pack.css' because its MIME type ('text/plain') is not a supported stylesheet MIME type, and strict MIME checking is enabled. @ http://localhost:8240/gallery/error/500?theme=none:0
[   20333ms] [ERROR] Refused to apply style from 'http://localhost:8240/static/css/pack.css' because its MIME type ('text/plain') is not a supported stylesheet MIME type, and strict MIME checking is enabled. @ http://localhost:8240/gallery/error/500?theme=none:0
[   20348ms] [ERROR] Refused to apply style from 'http://localhost:8240/static/css/pack.css' because its MIME type ('text/plain') is not a supported stylesheet MIME type, and strict MIME checking is enabled. @ http://localhost:8240/?theme=none:0
[ 2346915ms] [ERROR] Refused to apply style from 'http://localhost:8240/static/css/pack.css' because its MIME type ('text/plain') is not a supported stylesheet MIME type, and strict MIME checking is enabled. @ http://localhost:8240/gallery/slate/empty?theme=none:0
[ 2346916ms] [ERROR] Refused to apply style from 'http://localhost:8240/static/css/pack.css' because its MIME type ('text/plain') is not a supported stylesheet MIME type, and strict MIME checking is enabled. @ http://localhost:8240/gallery/slate/empty?theme=none:0
[ 2346929ms] [ERROR] Refused to apply style from 'http://localhost:8240/static/css/pack.css' because its MIME type ('text/plain') is not a supported stylesheet MIME type, and strict MIME checking is enabled. @ http://localhost:8240/gallery/slate?theme=none:0
[ 2346931ms] [ERROR] Refused to apply style from 'http://localhost:8240/static/css/pack.css' because its MIME type ('text/plain') is not a supported stylesheet MIME type, and strict MIME checking is enabled. @ http://localhost:8240/gallery/slate?theme=none:0
[ 2346944ms] [ERROR] Refused to apply style from 'http://localhost:8240/static/css/pack.css' because its MIME type ('text/plain') is not a supported stylesheet MIME type, and strict MIME checking is enabled. @ http://localhost:8240/gallery/slate/signed-out?theme=none:0
[ 2346946ms] [ERROR] Refused to apply style from 'http://localhost:8240/static/css/pack.css' because its MIME type ('text/plain') is not a supported stylesheet MIME type, and strict MIME checking is enabled. @ http://localhost:8240/gallery/slate/signed-out?theme=none:0
[ 2346960ms] [ERROR] Refused to apply style from 'http://localhost:8240/static/css/pack.css' because its MIME type ('text/plain') is not a supported stylesheet MIME type, and strict MIME checking is enabled. @ http://localhost:8240/gallery/slate/at-limit?theme=none:0
[ 2346961ms] [ERROR] Refused to apply style from 'http://localhost:8240/static/css/pack.css' because its MIME type ('text/plain') is not a supported stylesheet MIME type, and strict MIME checking is enabled. @ http://localhost:8240/gallery/slate/at-limit?theme=none:0
[ 2346973ms] [ERROR] Refused to apply style from 'http://localhost:8240/static/css/pack.css' because its MIME type ('text/plain') is not a supported stylesheet MIME type, and strict MIME checking is enabled. @ http://localhost:8240/gallery/slate/barred?theme=none:0
[ 2346975ms] [ERROR] Refused to apply style from 'http://localhost:8240/static/css/pack.css' because its MIME type ('text/plain') is not a supported stylesheet MIME type, and strict MIME checking is enabled. @ http://localhost:8240/gallery/slate/barred?theme=none:0
[ 2346988ms] [ERROR] Refused to apply style from 'http://localhost:8240/static/css/pack.css' because its MIME type ('text/plain') is not a supported stylesheet MIME type, and strict MIME checking is enabled. @ http://localhost:8240/gallery/slate/locked?theme=none:0
[ 2346989ms] [ERROR] Refused to apply style from 'http://localhost:8240/static/css/pack.css' because its MIME type ('text/plain') is not a supported stylesheet MIME type, and strict MIME checking is enabled. @ http://localhost:8240/gallery/slate/locked?theme=none:0
[ 2347003ms] [ERROR] Refused to apply style from 'http://localhost:8240/static/css/pack.css' because its MIME type ('text/plain') is not a supported stylesheet MIME type, and strict MIME checking is enabled. @ http://localhost:8240/gallery/slate/tied?theme=none:0
[ 2347004ms] [ERROR] Refused to apply style from 'http://localhost:8240/static/css/pack.css' because its MIME type ('text/plain') is not a supported stylesheet MIME type, and strict MIME checking is enabled. @ http://localhost:8240/gallery/slate/tied?theme=none:0
[ 2347018ms] [ERROR] Refused to apply style from 'http://localhost:8240/static/css/pack.css' because its MIME type ('text/plain') is not a supported stylesheet MIME type, and strict MIME checking is enabled. @ http://localhost:8240/gallery/slate/admin?theme=none:0
[ 2347020ms] [ERROR] Refused to apply style from 'http://localhost:8240/static/css/pack.css' because its MIME type ('text/plain') is not a supported stylesheet MIME type, and strict MIME checking is enabled. @ http://localhost:8240/gallery/slate/admin?theme=none:0
[ 2347033ms] [ERROR] Refused to apply style from 'http://localhost:8240/static/css/pack.css' because its MIME type ('text/plain') is not a supported stylesheet MIME type, and strict MIME checking is enabled. @ http://localhost:8240/gallery/submit?theme=none:0
[ 2347033ms] [ERROR] Refused to apply style from 'http://localhost:8240/static/css/pack.css' because its MIME type ('text/plain') is not a supported stylesheet MIME type, and strict MIME checking is enabled. @ http://localhost:8240/gallery/submit?theme=none:0
[ 2347046ms] [ERROR] Refused to apply style from 'http://localhost:8240/static/css/pack.css' because its MIME type ('text/plain') is not a supported stylesheet MIME type, and strict MIME checking is enabled. @ http://localhost:8240/gallery/submit/errors?theme=none:0
[ 2347048ms] [ERROR] Refused to apply style from 'http://localhost:8240/static/css/pack.css' because its MIME type ('text/plain') is not a supported stylesheet MIME type, and strict MIME checking is enabled. @ http://localhost:8240/gallery/submit/errors?theme=none:0
[ 2347058ms] [ERROR] Refused to apply style from 'http://localhost:8240/static/css/pack.css' because its MIME type ('text/plain') is not a supported stylesheet MIME type, and strict MIME checking is enabled. @ http://localhost:8240/gallery/submit/at-limit?theme=none:0
[ 2347059ms] [ERROR] Refused to apply style from 'http://localhost:8240/static/css/pack.css' because its MIME type ('text/plain') is not a supported stylesheet MIME type, and strict MIME checking is enabled. @ http://localhost:8240/gallery/submit/at-limit?theme=none:0
[ 2347070ms] [ERROR] Refused to apply style from 'http://localhost:8240/static/css/pack.css' because its MIME type ('text/plain') is not a supported stylesheet MIME type, and strict MIME checking is enabled. @ http://localhost:8240/gallery/submit/barred?theme=none:0
[ 2347070ms] [ERROR] Refused to apply style from 'http://localhost:8240/static/css/pack.css' because its MIME type ('text/plain') is not a supported stylesheet MIME type, and strict MIME checking is enabled. @ http://localhost:8240/gallery/submit/barred?theme=none:0
[ 2347079ms] [ERROR] Refused to apply style from 'http://localhost:8240/static/css/pack.css' because its MIME type ('text/plain') is not a supported stylesheet MIME type, and strict MIME checking is enabled. @ http://localhost:8240/gallery/submit/closed?theme=none:0
[ 2347080ms] [ERROR] Refused to apply style from 'http://localhost:8240/static/css/pack.css' because its MIME type ('text/plain') is not a supported stylesheet MIME type, and strict MIME checking is enabled. @ http://localhost:8240/gallery/submit/closed?theme=none:0
[ 2347089ms] [ERROR] Refused to apply style from 'http://localhost:8240/static/css/pack.css' because its MIME type ('text/plain') is not a supported stylesheet MIME type, and strict MIME checking is enabled. @ http://localhost:8240/gallery/error/404?theme=none:0
[ 2347090ms] [ERROR] Refused to apply style from 'http://localhost:8240/static/css/pack.css' because its MIME type ('text/plain') is not a supported stylesheet MIME type, and strict MIME checking is enabled. @ http://localhost:8240/gallery/error/404?theme=none:0
[ 2347099ms] [ERROR] Refused to apply style from 'http://localhost:8240/static/css/pack.css' because its MIME type ('text/plain') is not a supported stylesheet MIME type, and strict MIME checking is enabled. @ http://localhost:8240/gallery/error/405?theme=none:0
[ 2347100ms] [ERROR] Refused to apply style from 'http://localhost:8240/static/css/pack.css' because its MIME type ('text/plain') is not a supported stylesheet MIME type, and strict MIME checking is enabled. @ http://localhost:8240/gallery/error/405?theme=none:0
[ 2347108ms] [ERROR] Refused to apply style from 'http://localhost:8240/static/css/pack.css' because its MIME type ('text/plain') is not a supported stylesheet MIME type, and strict MIME checking is enabled. @ http://localhost:8240/gallery/error/500?theme=none:0
[ 2347109ms] [ERROR] Refused to apply style from 'http://localhost:8240/static/css/pack.css' because its MIME type ('text/plain') is not a supported stylesheet MIME type, and strict MIME checking is enabled. @ http://localhost:8240/gallery/error/500?theme=none:0
[ 2347117ms] [ERROR] Refused to apply style from 'http://localhost:8240/static/css/pack.css' because its MIME type ('text/plain') is not a supported stylesheet MIME type, and strict MIME checking is enabled. @ http://localhost:8240/gallery/signin/not-on-the-list?theme=none:0
[ 2347118ms] [ERROR] Refused to apply style from 'http://localhost:8240/static/css/pack.css' because its MIME type ('text/plain') is not a supported stylesheet MIME type, and strict MIME checking is enabled. @ http://localhost:8240/gallery/signin/not-on-the-list?theme=none:0
[ 2347125ms] [ERROR] Refused to apply style from 'http://localhost:8240/static/css/pack.css' because its MIME type ('text/plain') is not a supported stylesheet MIME type, and strict MIME checking is enabled. @ http://localhost:8240/gallery/signin/no-season?theme=none:0
[ 2347126ms] [ERROR] Refused to apply style from 'http://localhost:8240/static/css/pack.css' because its MIME type ('text/plain') is not a supported stylesheet MIME type, and strict MIME checking is enabled. @ http://localhost:8240/gallery/signin/no-season?theme=none:0
[ 2347134ms] [ERROR] Refused to apply style from 'http://localhost:8240/static/css/pack.css' because its MIME type ('text/plain') is not a supported stylesheet MIME type, and strict MIME checking is enabled. @ http://localhost:8240/gallery/signin/collision?theme=none:0
[ 2347135ms] [ERROR] Refused to apply style from 'http://localhost:8240/static/css/pack.css' because its MIME type ('text/plain') is not a supported stylesheet MIME type, and strict MIME checking is enabled. @ http://localhost:8240/gallery/signin/collision?theme=none:0
[ 2347142ms] [ERROR] Refused to apply style from 'http://localhost:8240/static/css/pack.css' because its MIME type ('text/plain') is not a supported stylesheet MIME type, and strict MIME checking is enabled. @ http://localhost:8240/?theme=none:0
[ 2347143ms] [ERROR] Refused to apply style from 'http://localhost:8240/static/css/pack.css' because its MIME type ('text/plain') is not a supported stylesheet MIME type, and strict MIME checking is enabled. @ http://localhost:8240/?theme=none:0
[ 2347614ms] [ERROR] Refused to apply style from 'http://localhost:8240/static/css/pack.css' because its MIME type ('text/plain') is not a supported stylesheet MIME type, and strict MIME checking is enabled. @ http://localhost:8240/gallery/slate/empty?theme=none:0
[ 2347615ms] [ERROR] Refused to apply style from 'http://localhost:8240/static/css/pack.css' because its MIME type ('text/plain') is not a supported stylesheet MIME type, and strict MIME checking is enabled. @ http://localhost:8240/gallery/slate/empty?theme=none:0
[ 2347625ms] [ERROR] Refused to apply style from 'http://localhost:8240/static/css/pack.css' because its MIME type ('text/plain') is not a supported stylesheet MIME type, and strict MIME checking is enabled. @ http://localhost:8240/gallery/slate?theme=none:0
[ 2347626ms] [ERROR] Refused to apply style from 'http://localhost:8240/static/css/pack.css' because its MIME type ('text/plain') is not a supported stylesheet MIME type, and strict MIME checking is enabled. @ http://localhost:8240/gallery/slate?theme=none:0
[ 2347639ms] [ERROR] Refused to apply style from 'http://localhost:8240/static/css/pack.css' because its MIME type ('text/plain') is not a supported stylesheet MIME type, and strict MIME checking is enabled. @ http://localhost:8240/gallery/slate/signed-out?theme=none:0
[ 2347640ms] [ERROR] Refused to apply style from 'http://localhost:8240/static/css/pack.css' because its MIME type ('text/plain') is not a supported stylesheet MIME type, and strict MIME checking is enabled. @ http://localhost:8240/gallery/slate/signed-out?theme=none:0
[ 2347653ms] [ERROR] Refused to apply style from 'http://localhost:8240/static/css/pack.css' because its MIME type ('text/plain') is not a supported stylesheet MIME type, and strict MIME checking is enabled. @ http://localhost:8240/gallery/slate/at-limit?theme=none:0
[ 2347654ms] [ERROR] Refused to apply style from 'http://localhost:8240/static/css/pack.css' because its MIME type ('text/plain') is not a supported stylesheet MIME type, and strict MIME checking is enabled. @ http://localhost:8240/gallery/slate/at-limit?theme=none:0
[ 2347667ms] [ERROR] Refused to apply style from 'http://localhost:8240/static/css/pack.css' because its MIME type ('text/plain') is not a supported stylesheet MIME type, and strict MIME checking is enabled. @ http://localhost:8240/gallery/slate/barred?theme=none:0
[ 2347668ms] [ERROR] Refused to apply style from 'http://localhost:8240/static/css/pack.css' because its MIME type ('text/plain') is not a supported stylesheet MIME type, and strict MIME checking is enabled. @ http://localhost:8240/gallery/slate/barred?theme=none:0
[ 2347680ms] [ERROR] Refused to apply style from 'http://localhost:8240/static/css/pack.css' because its MIME type ('text/plain') is not a supported stylesheet MIME type, and strict MIME checking is enabled. @ http://localhost:8240/gallery/slate/locked?theme=none:0
[ 2347682ms] [ERROR] Refused to apply style from 'http://localhost:8240/static/css/pack.css' because its MIME type ('text/plain') is not a supported stylesheet MIME type, and strict MIME checking is enabled. @ http://localhost:8240/gallery/slate/locked?theme=none:0
[ 2347696ms] [ERROR] Refused to apply style from 'http://localhost:8240/static/css/pack.css' because its MIME type ('text/plain') is not a supported stylesheet MIME type, and strict MIME checking is enabled. @ http://localhost:8240/gallery/slate/tied?theme=none:0
[ 2347697ms] [ERROR] Refused to apply style from 'http://localhost:8240/static/css/pack.css' because its MIME type ('text/plain') is not a supported stylesheet MIME type, and strict MIME checking is enabled. @ http://localhost:8240/gallery/slate/tied?theme=none:0
[ 2347710ms] [ERROR] Refused to apply style from 'http://localhost:8240/static/css/pack.css' because its MIME type ('text/plain') is not a supported stylesheet MIME type, and strict MIME checking is enabled. @ http://localhost:8240/gallery/slate/admin?theme=none:0
[ 2347712ms] [ERROR] Refused to apply style from 'http://localhost:8240/static/css/pack.css' because its MIME type ('text/plain') is not a supported stylesheet MIME type, and strict MIME checking is enabled. @ http://localhost:8240/gallery/slate/admin?theme=none:0
[ 2347725ms] [ERROR] Refused to apply style from 'http://localhost:8240/static/css/pack.css' because its MIME type ('text/plain') is not a supported stylesheet MIME type, and strict MIME checking is enabled. @ http://localhost:8240/gallery/submit?theme=none:0
[ 2347726ms] [ERROR] Refused to apply style from 'http://localhost:8240/static/css/pack.css' because its MIME type ('text/plain') is not a supported stylesheet MIME type, and strict MIME checking is enabled. @ http://localhost:8240/gallery/submit?theme=none:0
[ 2347738ms] [ERROR] Refused to apply style from 'http://localhost:8240/static/css/pack.css' because its MIME type ('text/plain') is not a supported stylesheet MIME type, and strict MIME checking is enabled. @ http://localhost:8240/gallery/submit/errors?theme=none:0
[ 2347740ms] [ERROR] Refused to apply style from 'http://localhost:8240/static/css/pack.css' because its MIME type ('text/plain') is not a supported stylesheet MIME type, and strict MIME checking is enabled. @ http://localhost:8240/gallery/submit/errors?theme=none:0
[ 2347750ms] [ERROR] Refused to apply style from 'http://localhost:8240/static/css/pack.css' because its MIME type ('text/plain') is not a supported stylesheet MIME type, and strict MIME checking is enabled. @ http://localhost:8240/gallery/submit/at-limit?theme=none:0
[ 2347751ms] [ERROR] Refused to apply style from 'http://localhost:8240/static/css/pack.css' because its MIME type ('text/plain') is not a supported stylesheet MIME type, and strict MIME checking is enabled. @ http://localhost:8240/gallery/submit/at-limit?theme=none:0
[ 2347762ms] [ERROR] Refused to apply style from 'http://localhost:8240/static/css/pack.css' because its MIME type ('text/plain') is not a supported stylesheet MIME type, and strict MIME checking is enabled. @ http://localhost:8240/gallery/submit/barred?theme=none:0
[ 2347764ms] [ERROR] Refused to apply style from 'http://localhost:8240/static/css/pack.css' because its MIME type ('text/plain') is not a supported stylesheet MIME type, and strict MIME checking is enabled. @ http://localhost:8240/gallery/submit/barred?theme=none:0
[ 2347775ms] [ERROR] Refused to apply style from 'http://localhost:8240/static/css/pack.css' because its MIME type ('text/plain') is not a supported stylesheet MIME type, and strict MIME checking is enabled. @ http://localhost:8240/gallery/submit/closed?theme=none:0
[ 2347775ms] [ERROR] Refused to apply style from 'http://localhost:8240/static/css/pack.css' because its MIME type ('text/plain') is not a supported stylesheet MIME type, and strict MIME checking is enabled. @ http://localhost:8240/gallery/submit/closed?theme=none:0
[ 2347785ms] [ERROR] Refused to apply style from 'http://localhost:8240/static/css/pack.css' because its MIME type ('text/plain') is not a supported stylesheet MIME type, and strict MIME checking is enabled. @ http://localhost:8240/gallery/error/404?theme=none:0
[ 2347786ms] [ERROR] Refused to apply style from 'http://localhost:8240/static/css/pack.css' because its MIME type ('text/plain') is not a supported stylesheet MIME type, and strict MIME checking is enabled. @ http://localhost:8240/gallery/error/404?theme=none:0
[ 2347796ms] [ERROR] Refused to apply style from 'http://localhost:8240/static/css/pack.css' because its MIME type ('text/plain') is not a supported stylesheet MIME type, and strict MIME checking is enabled. @ http://localhost:8240/gallery/error/405?theme=none:0
[ 2347797ms] [ERROR] Refused to apply style from 'http://localhost:8240/static/css/pack.css' because its MIME type ('text/plain') is not a supported stylesheet MIME type, and strict MIME checking is enabled. @ http://localhost:8240/gallery/error/405?theme=none:0
[ 2347806ms] [ERROR] Refused to apply style from 'http://localhost:8240/static/css/pack.css' because its MIME type ('text/plain') is not a supported stylesheet MIME type, and strict MIME checking is enabled. @ http://localhost:8240/gallery/error/500?theme=none:0
[ 2347807ms] [ERROR] Refused to apply style from 'http://localhost:8240/static/css/pack.css' because its MIME type ('text/plain') is not a supported stylesheet MIME type, and strict MIME checking is enabled. @ http://localhost:8240/gallery/error/500?theme=none:0
[ 2347815ms] [ERROR] Refused to apply style from 'http://localhost:8240/static/css/pack.css' because its MIME type ('text/plain') is not a supported stylesheet MIME type, and strict MIME checking is enabled. @ http://localhost:8240/gallery/signin/not-on-the-list?theme=none:0
[ 2347816ms] [ERROR] Refused to apply style from 'http://localhost:8240/static/css/pack.css' because its MIME type ('text/plain') is not a supported stylesheet MIME type, and strict MIME checking is enabled. @ http://localhost:8240/gallery/signin/not-on-the-list?theme=none:0
[ 2347825ms] [ERROR] Refused to apply style from 'http://localhost:8240/static/css/pack.css' because its MIME type ('text/plain') is not a supported stylesheet MIME type, and strict MIME checking is enabled. @ http://localhost:8240/gallery/signin/no-season?theme=none:0
[ 2347834ms] [ERROR] Refused to apply style from 'http://localhost:8240/static/css/pack.css' because its MIME type ('text/plain') is not a supported stylesheet MIME type, and strict MIME checking is enabled. @ http://localhost:8240/gallery/signin/collision?theme=none:0
[ 2347835ms] [ERROR] Refused to apply style from 'http://localhost:8240/static/css/pack.css' because its MIME type ('text/plain') is not a supported stylesheet MIME type, and strict MIME checking is enabled. @ http://localhost:8240/gallery/signin/collision?theme=none:0
[ 2347843ms] [ERROR] Refused to apply style from 'http://localhost:8240/static/css/pack.css' because its MIME type ('text/plain') is not a supported stylesheet MIME type, and strict MIME checking is enabled. @ http://localhost:8240/?theme=none:0
[ 2347844ms] [ERROR] Refused to apply style from 'http://localhost:8240/static/css/pack.css' because its MIME type ('text/plain') is not a supported stylesheet MIME type, and strict MIME checking is enabled. @ http://localhost:8240/?theme=none:0
